PHP Fatal error:  During inheritance of ArrayAccess: Uncaught ErrorException: Return type of Illuminate\Support\Collection::offsetExists($key) should either be compatible with ArrayAccess::offsetExists(mixed $offset): bool, or the #[\ReturnTypeWillChange] attribute should be used to temporarily suppress the notice in /var/www/phone.sddev.uz/vendor/laravel/framework/src/Illuminate/Support/Collection.php:1349
Stack trace:
#0 /var/www/phone.sddev.uz/vendor/laravel/framework/src/Illuminate/Support/Collection.php(11): Illuminate\Foundation\Bootstrap\HandleExceptions->handleError()
#1 /var/www/phone.sddev.uz/vendor/composer/ClassLoader.php(576): include('...')
#2 /var/www/phone.sddev.uz/vendor/composer/ClassLoader.php(427): Composer\Autoload\{closure}()
#3 /var/www/phone.sddev.uz/vendor/laravel/framework/src/Illuminate/Support/helpers.php(110): Composer\Autoload\ClassLoader->loadClass()
#4 /var/www/phone.sddev.uz/vendor/laravel/framework/src/Illuminate/Foundation/PackageManifest.php(89): collect()
#5 /var/www/phone.sddev.uz/vendor/laravel/framework/src/Illuminate/Foundation/PackageManifest.php(78): Illuminate\Foundation\PackageManifest->config()
#6 /var/www/phone.sddev.uz/vendor/laravel/framework/src/Illuminate/Foundation/Bootstrap/RegisterFacades.php(26): Illuminate\Foundation\PackageManifest->aliases()
#7 /var/www/phone.sddev.uz/vendor/laravel/framework/src/Illuminate/Foundation/Application.php(230): Illuminate\Foundation\Bootstrap\RegisterFacades->bootstrap()
#8 /var/www/phone.sddev.uz/vendor/laravel/framework/src/Illuminate/Foundation/Console/Kernel.php(310): Illuminate\Foundation\Application->bootstrapWith()
#9 /var/www/phone.sddev.uz/vendor/laravel/framework/src/Illuminate/Foundation/Console/Kernel.php(127): Illuminate\Foundation\Console\Kernel->bootstrap()
#10 /var/www/phone.sddev.uz/artisan(35): Illuminate\Foundation\Console\Kernel->handle()
#11 {main} in /var/www/phone.sddev.uz/vendor/laravel/framework/src/Illuminate/Support/Collection.php on line 11

In Collection.php line 11:
                                                                               
  During inheritance of ArrayAccess: Uncaught ErrorException: Return type of   
  Illuminate\Support\Collection::offsetExists($key) should either be compatib  
  le with ArrayAccess::offsetExists(mixed $offset): bool, or the #[\ReturnTyp  
  eWillChange] attribute should be used to temporarily suppress the notice in  
   /var/www/phone.sddev.uz/vendor/laravel/framework/src/Illuminate/Support/Co  
  llection.php:1349                                                            
  Stack trace:                                                                 
  #0 /var/www/phone.sddev.uz/vendor/laravel/framework/src/Illuminate/Support/  
  Collection.php(11): Illuminate\Foundation\Bootstrap\HandleExceptions->handl  
  eError()                                                                     
  #1 /var/www/phone.sddev.uz/vendor/composer/ClassLoader.php(576): include('.  
  ..')                                                                         
  #2 /var/www/phone.sddev.uz/vendor/composer/ClassLoader.php(427): Composer\A  
  utoload\{closure}()                                                          
  #3 /var/www/phone.sddev.uz/vendor/laravel/framework/src/Illuminate/Support/  
  helpers.php(110): Composer\Autoload\ClassLoader->loadClass()                 
  #4 /var/www/phone.sddev.uz/vendor/laravel/framework/src/Illuminate/Foundati  
  on/PackageManifest.php(89): collect()                                        
  #5 /var/www/phone.sddev.uz/vendor/laravel/framework/src/Illuminate/Foundati  
  on/PackageManifest.php(78): Illuminate\Foundation\PackageManifest->config()  
  #6 /var/www/phone.sddev.uz/vendor/laravel/framework/src/Illuminate/Foundati  
  on/Bootstrap/RegisterFacades.php(26): Illuminate\Foundation\PackageManifest  
  ->aliases()                                                                  
  #7 /var/www/phone.sddev.uz/vendor/laravel/framework/src/Illuminate/Foundati  
  on/Application.php(230): Illuminate\Foundation\Bootstrap\RegisterFacades->b  
  ootstrap()                                                                   
  #8 /var/www/phone.sddev.uz/vendor/laravel/framework/src/Illuminate/Foundati  
  on/Console/Kernel.php(310): Illuminate\Foundation\Application->bootstrapWit  
  h()                                                                          
  #9 /var/www/phone.sddev.uz/vendor/laravel/framework/src/Illuminate/Foundati  
  on/Console/Kernel.php(127): Illuminate\Foundation\Console\Kernel->bootstrap  
  ()                                                                           
  #10 /var/www/phone.sddev.uz/artisan(35): Illuminate\Foundation\Console\Kern  
  el->handle()                                                                 
  #11 {main}                                                                   
                                                                               

